
> my-app@0.1.0 build
> next build

▲ Next.js 16.2.12 (Turbopack)
- Environments: .env

  Creating an optimized production build ...
✓ Compiled successfully in 43s
  Running TypeScript ...
  Finished TypeScript in 3.3s ...
  Collecting page data using 3 workers ...
  Generating static pages using 3 workers (0/17) ...
  Generating static pages using 3 workers (4/17) 
  Generating static pages using 3 workers (8/17) 
  Generating static pages using 3 workers (12/17) 
✓ Generating static pages using 3 workers (17/17) in 2.6s
  Finalizing page optimization ...

Route (app)
┌ ○ /
├ ○ /_not-found
├ ƒ /[document]
├ ○ /about
├ ○ /admin
├ ƒ /api/admin/movies
├ ƒ /api/admin/uploads
├ ƒ /api/history
├ ƒ /api/movies
├ ƒ /api/movies/[movieId]
├ ƒ /api/profile
├ ƒ /api/recommendations
├ ƒ /api/watchlist
├ ○ /discover
├ ○ /history
├ ○ /my-list
├ ○ /premium
├ ○ /profile
└ ƒ /watch/[movieId]


○  (Static)   prerendered as static content
ƒ  (Dynamic)  server-rendered on demand

